[ERROR] 2026-06-01 23:00:03,283 log Internal Server Error: /api/auth/register/
[ERROR] 2026-06-01 23:00:03,290 log "POST /api/auth/register/ HTTP/1.1" 500 50
[ERROR] 2026-06-01 23:04:21,589 log Internal Server Error: /api/auth/register/
[ERROR] 2026-06-01 23:04:21,594 log "POST /api/auth/register/ HTTP/1.1" 500 50
[ERROR] 2026-06-01 23:07:14,547 log Internal Server Error: /api/auth/register/
[ERROR] 2026-06-01 23:07:14,559 log "POST /api/auth/register/ HTTP/1.1" 500 50
[ERROR] 2026-06-01 23:12:21,985 log Internal Server Error: /api/auth/register/
[ERROR] 2026-06-01 23:12:21,991 log "POST /api/auth/register/ HTTP/1.1" 500 50
[ERROR] 2026-06-05 01:09:00,601 log Internal Server Error: /api/student/home/courses/
Traceback (most recent call last):
  File "B:\career\tech\systems\dreams academy\backend\venv\Lib\site-packages\django\core\handlers\exception.py", line 55, in inner
    response = get_response(request)
  File "B:\career\tech\systems\dreams academy\backend\venv\Lib\site-packages\django\core\handlers\base.py", line 198, in _get_response
    response = wrapped_callback(request, *callback_args, **callback_kwargs)
  File "B:\career\tech\systems\dreams academy\backend\venv\Lib\site-packages\django\views\decorators\csrf.py", line 65, in _view_wrapper
    return view_func(request, *args, **kwargs)
  File "B:\career\tech\systems\dreams academy\backend\venv\Lib\site-packages\django\views\generic\base.py", line 106, in view
    return self.dispatch(request, *args, **kwargs)
           ~~~~~~~~~~~~~^^^^^^^^^^^^^^^^^^^^^^^^^^
  File "B:\career\tech\systems\dreams academy\backend\venv\Lib\site-packages\rest_framework\views.py", line 515, in dispatch
    response = self.handle_exception(exc)
  File "B:\career\tech\systems\dreams academy\backend\venv\Lib\site-packages\rest_framework\views.py", line 475, in handle_exception
    self.raise_uncaught_exception(exc)
    ~~~~~~~~~~~~~~~~~~~~~~~~~~~~~^^^^^
  File "B:\career\tech\systems\dreams academy\backend\venv\Lib\site-packages\rest_framework\views.py", line 486, in raise_uncaught_exception
    raise exc
  File "B:\career\tech\systems\dreams academy\backend\venv\Lib\site-packages\rest_framework\views.py", line 512, in dispatch
    response = handler(request, *args, **kwargs)
  File "B:\career\tech\systems\dreams academy\backend\venv\Lib\site-packages\rest_framework\generics.py", line 203, in get
    return self.list(request, *args, **kwargs)
           ~~~~~~~~~^^^^^^^^^^^^^^^^^^^^^^^^^^
  File "B:\career\tech\systems\dreams academy\backend\venv\Lib\site-packages\rest_framework\mixins.py", line 43, in list
    return self.get_paginated_response(serializer.data)
                                       ^^^^^^^^^^^^^^^
  File "B:\career\tech\systems\dreams academy\backend\venv\Lib\site-packages\rest_framework\serializers.py", line 797, in data
    ret = super().data
          ^^^^^^^^^^^^
  File "B:\career\tech\systems\dreams academy\backend\venv\Lib\site-packages\rest_framework\serializers.py", line 251, in data
    self._data = self.to_representation(self.instance)
                 ~~~~~~~~~~~~~~~~~~~~~~^^^^^^^^^^^^^^^
  File "B:\career\tech\systems\dreams academy\backend\venv\Lib\site-packages\rest_framework\serializers.py", line 716, in to_representation
    self.child.to_representation(item) for item in iterable
    ~~~~~~~~~~~~~~~~~~~~~~~~~~~~^^^^^^
  File "B:\career\tech\systems\dreams academy\backend\venv\Lib\site-packages\rest_framework\serializers.py", line 525, in to_representation
    for field in fields:
                 ^^^^^^
  File "B:\career\tech\systems\dreams academy\backend\venv\Lib\site-packages\rest_framework\serializers.py", line 386, in _readable_fields
    for field in self.fields.values():
                 ^^^^^^^^^^^
  File "B:\career\tech\systems\dreams academy\backend\venv\Lib\site-packages\django\utils\functional.py", line 47, in __get__
    res = instance.__dict__[self.name] = self.func(instance)
                                         ~~~~~~~~~^^^^^^^^^^
  File "B:\career\tech\systems\dreams academy\backend\venv\Lib\site-packages\rest_framework\serializers.py", line 374, in fields
    for key, value in self.get_fields().items():
                      ~~~~~~~~~~~~~~~^^
  File "B:\career\tech\systems\dreams academy\backend\venv\Lib\site-packages\rest_framework\serializers.py", line 1105, in get_fields
    field_class, field_kwargs = self.build_field(
                                ~~~~~~~~~~~~~~~~^
        source, info, model, depth
        ^^^^^^^^^^^^^^^^^^^^^^^^^^
    )
    ^
  File "B:\career\tech\systems\dreams academy\backend\venv\Lib\site-packages\rest_framework\serializers.py", line 1251, in build_field
    return self.build_unknown_field(field_name, model_class)
           ~~~~~~~~~~~~~~~~~~~~~~~~^^^^^^^^^^^^^^^^^^^^^^^^^
  File "B:\career\tech\systems\dreams academy\backend\venv\Lib\site-packages\rest_framework\serializers.py", line 1369, in build_unknown_field
    raise ImproperlyConfigured(
    ...<2 lines>...
    )
django.core.exceptions.ImproperlyConfigured: Field name `is_popular` is not valid for model `Course` in `apps.students.serializers.CourseListSerializer`.
[ERROR] 2026-06-05 01:09:00,697 log "GET /api/student/home/courses/ HTTP/1.1" 500 25700
[ERROR] 2026-06-05 01:09:01,179 log Internal Server Error: /api/student/home/courses/
Traceback (most recent call last):
  File "B:\career\tech\systems\dreams academy\backend\venv\Lib\site-packages\django\core\handlers\exception.py", line 55, in inner
    response = get_response(request)
  File "B:\career\tech\systems\dreams academy\backend\venv\Lib\site-packages\django\core\handlers\base.py", line 198, in _get_response
    response = wrapped_callback(request, *callback_args, **callback_kwargs)
  File "B:\career\tech\systems\dreams academy\backend\venv\Lib\site-packages\django\views\decorators\csrf.py", line 65, in _view_wrapper
    return view_func(request, *args, **kwargs)
  File "B:\career\tech\systems\dreams academy\backend\venv\Lib\site-packages\django\views\generic\base.py", line 106, in view
    return self.dispatch(request, *args, **kwargs)
           ~~~~~~~~~~~~~^^^^^^^^^^^^^^^^^^^^^^^^^^
  File "B:\career\tech\systems\dreams academy\backend\venv\Lib\site-packages\rest_framework\views.py", line 515, in dispatch
    response = self.handle_exception(exc)
  File "B:\career\tech\systems\dreams academy\backend\venv\Lib\site-packages\rest_framework\views.py", line 475, in handle_exception
    self.raise_uncaught_exception(exc)
    ~~~~~~~~~~~~~~~~~~~~~~~~~~~~~^^^^^
  File "B:\career\tech\systems\dreams academy\backend\venv\Lib\site-packages\rest_framework\views.py", line 486, in raise_uncaught_exception
    raise exc
  File "B:\career\tech\systems\dreams academy\backend\venv\Lib\site-packages\rest_framework\views.py", line 512, in dispatch
    response = handler(request, *args, **kwargs)
  File "B:\career\tech\systems\dreams academy\backend\venv\Lib\site-packages\rest_framework\generics.py", line 203, in get
    return self.list(request, *args, **kwargs)
           ~~~~~~~~~^^^^^^^^^^^^^^^^^^^^^^^^^^
  File "B:\career\tech\systems\dreams academy\backend\venv\Lib\site-packages\rest_framework\mixins.py", line 43, in list
    return self.get_paginated_response(serializer.data)
                                       ^^^^^^^^^^^^^^^
  File "B:\career\tech\systems\dreams academy\backend\venv\Lib\site-packages\rest_framework\serializers.py", line 797, in data
    ret = super().data
          ^^^^^^^^^^^^
  File "B:\career\tech\systems\dreams academy\backend\venv\Lib\site-packages\rest_framework\serializers.py", line 251, in data
    self._data = self.to_representation(self.instance)
                 ~~~~~~~~~~~~~~~~~~~~~~^^^^^^^^^^^^^^^
  File "B:\career\tech\systems\dreams academy\backend\venv\Lib\site-packages\rest_framework\serializers.py", line 716, in to_representation
    self.child.to_representation(item) for item in iterable
    ~~~~~~~~~~~~~~~~~~~~~~~~~~~~^^^^^^
  File "B:\career\tech\systems\dreams academy\backend\venv\Lib\site-packages\rest_framework\serializers.py", line 525, in to_representation
    for field in fields:
                 ^^^^^^
  File "B:\career\tech\systems\dreams academy\backend\venv\Lib\site-packages\rest_framework\serializers.py", line 386, in _readable_fields
    for field in self.fields.values():
                 ^^^^^^^^^^^
  File "B:\career\tech\systems\dreams academy\backend\venv\Lib\site-packages\django\utils\functional.py", line 47, in __get__
    res = instance.__dict__[self.name] = self.func(instance)
                                         ~~~~~~~~~^^^^^^^^^^
  File "B:\career\tech\systems\dreams academy\backend\venv\Lib\site-packages\rest_framework\serializers.py", line 374, in fields
    for key, value in self.get_fields().items():
                      ~~~~~~~~~~~~~~~^^
  File "B:\career\tech\systems\dreams academy\backend\venv\Lib\site-packages\rest_framework\serializers.py", line 1105, in get_fields
    field_class, field_kwargs = self.build_field(
                                ~~~~~~~~~~~~~~~~^
        source, info, model, depth
        ^^^^^^^^^^^^^^^^^^^^^^^^^^
    )
    ^
  File "B:\career\tech\systems\dreams academy\backend\venv\Lib\site-packages\rest_framework\serializers.py", line 1251, in build_field
    return self.build_unknown_field(field_name, model_class)
           ~~~~~~~~~~~~~~~~~~~~~~~~^^^^^^^^^^^^^^^^^^^^^^^^^
  File "B:\career\tech\systems\dreams academy\backend\venv\Lib\site-packages\rest_framework\serializers.py", line 1369, in build_unknown_field
    raise ImproperlyConfigured(
    ...<2 lines>...
    )
django.core.exceptions.ImproperlyConfigured: Field name `is_popular` is not valid for model `Course` in `apps.students.serializers.CourseListSerializer`.
[ERROR] 2026-06-05 01:09:01,280 log "GET /api/student/home/courses/ HTTP/1.1" 500 25700
[ERROR] 2026-06-05 01:09:25,178 log Internal Server Error: /api/student/courses/
Traceback (most recent call last):
  File "B:\career\tech\systems\dreams academy\backend\venv\Lib\site-packages\django\core\handlers\exception.py", line 55, in inner
    response = get_response(request)
  File "B:\career\tech\systems\dreams academy\backend\venv\Lib\site-packages\django\core\handlers\base.py", line 198, in _get_response
    response = wrapped_callback(request, *callback_args, **callback_kwargs)
  File "B:\career\tech\systems\dreams academy\backend\venv\Lib\site-packages\django\views\decorators\csrf.py", line 65, in _view_wrapper
    return view_func(request, *args, **kwargs)
  File "B:\career\tech\systems\dreams academy\backend\venv\Lib\site-packages\django\views\generic\base.py", line 106, in view
    return self.dispatch(request, *args, **kwargs)
           ~~~~~~~~~~~~~^^^^^^^^^^^^^^^^^^^^^^^^^^
  File "B:\career\tech\systems\dreams academy\backend\venv\Lib\site-packages\rest_framework\views.py", line 515, in dispatch
    response = self.handle_exception(exc)
  File "B:\career\tech\systems\dreams academy\backend\venv\Lib\site-packages\rest_framework\views.py", line 475, in handle_exception
    self.raise_uncaught_exception(exc)
    ~~~~~~~~~~~~~~~~~~~~~~~~~~~~~^^^^^
  File "B:\career\tech\systems\dreams academy\backend\venv\Lib\site-packages\rest_framework\views.py", line 486, in raise_uncaught_exception
    raise exc
  File "B:\career\tech\systems\dreams academy\backend\venv\Lib\site-packages\rest_framework\views.py", line 512, in dispatch
    response = handler(request, *args, **kwargs)
  File "B:\career\tech\systems\dreams academy\backend\venv\Lib\site-packages\rest_framework\generics.py", line 203, in get
    return self.list(request, *args, **kwargs)
           ~~~~~~~~~^^^^^^^^^^^^^^^^^^^^^^^^^^
  File "B:\career\tech\systems\dreams academy\backend\apps\students\views\courses.py", line 62, in list
    'category': course.get_category_display(),
                ^^^^^^^^^^^^^^^^^^^^^^^^^^^
AttributeError: 'Course' object has no attribute 'get_category_display'
[ERROR] 2026-06-05 01:09:25,208 log "GET /api/student/courses/ HTTP/1.1" 500 23417
[ERROR] 2026-06-05 01:09:26,409 log Internal Server Error: /api/student/courses-with-exercises/
[ERROR] 2026-06-05 01:09:26,506 log Internal Server Error: /api/student/completed-exercises/
[ERROR] 2026-06-05 01:09:26,508 log "GET /api/student/courses-with-exercises/ HTTP/1.1" 500 344
[ERROR] 2026-06-05 01:09:26,522 log "GET /api/student/completed-exercises/ HTTP/1.1" 500 268
[ERROR] 2026-06-05 01:09:30,667 log Internal Server Error: /api/student/courses/
Traceback (most recent call last):
  File "B:\career\tech\systems\dreams academy\backend\venv\Lib\site-packages\django\core\handlers\exception.py", line 55, in inner
    response = get_response(request)
  File "B:\career\tech\systems\dreams academy\backend\venv\Lib\site-packages\django\core\handlers\base.py", line 198, in _get_response
    response = wrapped_callback(request, *callback_args, **callback_kwargs)
  File "B:\career\tech\systems\dreams academy\backend\venv\Lib\site-packages\django\views\decorators\csrf.py", line 65, in _view_wrapper
    return view_func(request, *args, **kwargs)
  File "B:\career\tech\systems\dreams academy\backend\venv\Lib\site-packages\django\views\generic\base.py", line 106, in view
    return self.dispatch(request, *args, **kwargs)
           ~~~~~~~~~~~~~^^^^^^^^^^^^^^^^^^^^^^^^^^
  File "B:\career\tech\systems\dreams academy\backend\venv\Lib\site-packages\rest_framework\views.py", line 515, in dispatch
    response = self.handle_exception(exc)
  File "B:\career\tech\systems\dreams academy\backend\venv\Lib\site-packages\rest_framework\views.py", line 475, in handle_exception
    self.raise_uncaught_exception(exc)
    ~~~~~~~~~~~~~~~~~~~~~~~~~~~~~^^^^^
  File "B:\career\tech\systems\dreams academy\backend\venv\Lib\site-packages\rest_framework\views.py", line 486, in raise_uncaught_exception
    raise exc
  File "B:\career\tech\systems\dreams academy\backend\venv\Lib\site-packages\rest_framework\views.py", line 512, in dispatch
    response = handler(request, *args, **kwargs)
  File "B:\career\tech\systems\dreams academy\backend\venv\Lib\site-packages\rest_framework\generics.py", line 203, in get
    return self.list(request, *args, **kwargs)
           ~~~~~~~~~^^^^^^^^^^^^^^^^^^^^^^^^^^
  File "B:\career\tech\systems\dreams academy\backend\apps\students\views\courses.py", line 62, in list
    'category': course.get_category_display(),
                ^^^^^^^^^^^^^^^^^^^^^^^^^^^
AttributeError: 'Course' object has no attribute 'get_category_display'
[ERROR] 2026-06-05 01:09:30,767 log "GET /api/student/courses/ HTTP/1.1" 500 23417
[ERROR] 2026-06-05 01:09:30,920 log Internal Server Error: /api/student/home/courses/
Traceback (most recent call last):
  File "B:\career\tech\systems\dreams academy\backend\venv\Lib\site-packages\django\core\handlers\exception.py", line 55, in inner
    response = get_response(request)
  File "B:\career\tech\systems\dreams academy\backend\venv\Lib\site-packages\django\core\handlers\base.py", line 198, in _get_response
    response = wrapped_callback(request, *callback_args, **callback_kwargs)
  File "B:\career\tech\systems\dreams academy\backend\venv\Lib\site-packages\django\views\decorators\csrf.py", line 65, in _view_wrapper
    return view_func(request, *args, **kwargs)
  File "B:\career\tech\systems\dreams academy\backend\venv\Lib\site-packages\django\views\generic\base.py", line 106, in view
    return self.dispatch(request, *args, **kwargs)
           ~~~~~~~~~~~~~^^^^^^^^^^^^^^^^^^^^^^^^^^
  File "B:\career\tech\systems\dreams academy\backend\venv\Lib\site-packages\rest_framework\views.py", line 515, in dispatch
    response = self.handle_exception(exc)
  File "B:\career\tech\systems\dreams academy\backend\venv\Lib\site-packages\rest_framework\views.py", line 475, in handle_exception
    self.raise_uncaught_exception(exc)
    ~~~~~~~~~~~~~~~~~~~~~~~~~~~~~^^^^^
  File "B:\career\tech\systems\dreams academy\backend\venv\Lib\site-packages\rest_framework\views.py", line 486, in raise_uncaught_exception
    raise exc
  File "B:\career\tech\systems\dreams academy\backend\venv\Lib\site-packages\rest_framework\views.py", line 512, in dispatch
    response = handler(request, *args, **kwargs)
  File "B:\career\tech\systems\dreams academy\backend\venv\Lib\site-packages\rest_framework\generics.py", line 203, in get
    return self.list(request, *args, **kwargs)
           ~~~~~~~~~^^^^^^^^^^^^^^^^^^^^^^^^^^
  File "B:\career\tech\systems\dreams academy\backend\venv\Lib\site-packages\rest_framework\mixins.py", line 43, in list
    return self.get_paginated_response(serializer.data)
                                       ^^^^^^^^^^^^^^^
  File "B:\career\tech\systems\dreams academy\backend\venv\Lib\site-packages\rest_framework\serializers.py", line 797, in data
    ret = super().data
          ^^^^^^^^^^^^
  File "B:\career\tech\systems\dreams academy\backend\venv\Lib\site-packages\rest_framework\serializers.py", line 251, in data
    self._data = self.to_representation(self.instance)
                 ~~~~~~~~~~~~~~~~~~~~~~^^^^^^^^^^^^^^^
  File "B:\career\tech\systems\dreams academy\backend\venv\Lib\site-packages\rest_framework\serializers.py", line 716, in to_representation
    self.child.to_representation(item) for item in iterable
    ~~~~~~~~~~~~~~~~~~~~~~~~~~~~^^^^^^
  File "B:\career\tech\systems\dreams academy\backend\venv\Lib\site-packages\rest_framework\serializers.py", line 525, in to_representation
    for field in fields:
                 ^^^^^^
  File "B:\career\tech\systems\dreams academy\backend\venv\Lib\site-packages\rest_framework\serializers.py", line 386, in _readable_fields
    for field in self.fields.values():
                 ^^^^^^^^^^^
  File "B:\career\tech\systems\dreams academy\backend\venv\Lib\site-packages\django\utils\functional.py", line 47, in __get__
    res = instance.__dict__[self.name] = self.func(instance)
                                         ~~~~~~~~~^^^^^^^^^^
  File "B:\career\tech\systems\dreams academy\backend\venv\Lib\site-packages\rest_framework\serializers.py", line 374, in fields
    for key, value in self.get_fields().items():
                      ~~~~~~~~~~~~~~~^^
  File "B:\career\tech\systems\dreams academy\backend\venv\Lib\site-packages\rest_framework\serializers.py", line 1105, in get_fields
    field_class, field_kwargs = self.build_field(
                                ~~~~~~~~~~~~~~~~^
        source, info, model, depth
        ^^^^^^^^^^^^^^^^^^^^^^^^^^
    )
    ^
  File "B:\career\tech\systems\dreams academy\backend\venv\Lib\site-packages\rest_framework\serializers.py", line 1251, in build_field
    return self.build_unknown_field(field_name, model_class)
           ~~~~~~~~~~~~~~~~~~~~~~~~^^^^^^^^^^^^^^^^^^^^^^^^^
  File "B:\career\tech\systems\dreams academy\backend\venv\Lib\site-packages\rest_framework\serializers.py", line 1369, in build_unknown_field
    raise ImproperlyConfigured(
    ...<2 lines>...
    )
django.core.exceptions.ImproperlyConfigured: Field name `is_popular` is not valid for model `Course` in `apps.students.serializers.CourseListSerializer`.
[ERROR] 2026-06-05 01:09:31,123 log "GET /api/student/home/courses/ HTTP/1.1" 500 25755
[ERROR] 2026-06-05 01:09:31,618 log Internal Server Error: /api/student/courses/
Traceback (most recent call last):
  File "B:\career\tech\systems\dreams academy\backend\venv\Lib\site-packages\django\core\handlers\exception.py", line 55, in inner
    response = get_response(request)
  File "B:\career\tech\systems\dreams academy\backend\venv\Lib\site-packages\django\core\handlers\base.py", line 198, in _get_response
    response = wrapped_callback(request, *callback_args, **callback_kwargs)
  File "B:\career\tech\systems\dreams academy\backend\venv\Lib\site-packages\django\views\decorators\csrf.py", line 65, in _view_wrapper
    return view_func(request, *args, **kwargs)
  File "B:\career\tech\systems\dreams academy\backend\venv\Lib\site-packages\django\views\generic\base.py", line 106, in view
    return self.dispatch(request, *args, **kwargs)
           ~~~~~~~~~~~~~^^^^^^^^^^^^^^^^^^^^^^^^^^
  File "B:\career\tech\systems\dreams academy\backend\venv\Lib\site-packages\rest_framework\views.py", line 515, in dispatch
    response = self.handle_exception(exc)
  File "B:\career\tech\systems\dreams academy\backend\venv\Lib\site-packages\rest_framework\views.py", line 475, in handle_exception
    self.raise_uncaught_exception(exc)
    ~~~~~~~~~~~~~~~~~~~~~~~~~~~~~^^^^^
  File "B:\career\tech\systems\dreams academy\backend\venv\Lib\site-packages\rest_framework\views.py", line 486, in raise_uncaught_exception
    raise exc
  File "B:\career\tech\systems\dreams academy\backend\venv\Lib\site-packages\rest_framework\views.py", line 512, in dispatch
    response = handler(request, *args, **kwargs)
  File "B:\career\tech\systems\dreams academy\backend\venv\Lib\site-packages\rest_framework\generics.py", line 203, in get
    return self.list(request, *args, **kwargs)
           ~~~~~~~~~^^^^^^^^^^^^^^^^^^^^^^^^^^
  File "B:\career\tech\systems\dreams academy\backend\apps\students\views\courses.py", line 62, in list
    'category': course.get_category_display(),
                ^^^^^^^^^^^^^^^^^^^^^^^^^^^
AttributeError: 'Course' object has no attribute 'get_category_display'
[ERROR] 2026-06-05 01:09:31,634 log "GET /api/student/courses/ HTTP/1.1" 500 23417
[ERROR] 2026-06-05 01:09:32,212 log Internal Server Error: /api/student/home/courses/
Traceback (most recent call last):
  File "B:\career\tech\systems\dreams academy\backend\venv\Lib\site-packages\django\core\handlers\exception.py", line 55, in inner
    response = get_response(request)
  File "B:\career\tech\systems\dreams academy\backend\venv\Lib\site-packages\django\core\handlers\base.py", line 198, in _get_response
    response = wrapped_callback(request, *callback_args, **callback_kwargs)
  File "B:\career\tech\systems\dreams academy\backend\venv\Lib\site-packages\django\views\decorators\csrf.py", line 65, in _view_wrapper
    return view_func(request, *args, **kwargs)
  File "B:\career\tech\systems\dreams academy\backend\venv\Lib\site-packages\django\views\generic\base.py", line 106, in view
    return self.dispatch(request, *args, **kwargs)
           ~~~~~~~~~~~~~^^^^^^^^^^^^^^^^^^^^^^^^^^
  File "B:\career\tech\systems\dreams academy\backend\venv\Lib\site-packages\rest_framework\views.py", line 515, in dispatch
    response = self.handle_exception(exc)
  File "B:\career\tech\systems\dreams academy\backend\venv\Lib\site-packages\rest_framework\views.py", line 475, in handle_exception
    self.raise_uncaught_exception(exc)
    ~~~~~~~~~~~~~~~~~~~~~~~~~~~~~^^^^^
  File "B:\career\tech\systems\dreams academy\backend\venv\Lib\site-packages\rest_framework\views.py", line 486, in raise_uncaught_exception
    raise exc
  File "B:\career\tech\systems\dreams academy\backend\venv\Lib\site-packages\rest_framework\views.py", line 512, in dispatch
    response = handler(request, *args, **kwargs)
  File "B:\career\tech\systems\dreams academy\backend\venv\Lib\site-packages\rest_framework\generics.py", line 203, in get
    return self.list(request, *args, **kwargs)
           ~~~~~~~~~^^^^^^^^^^^^^^^^^^^^^^^^^^
  File "B:\career\tech\systems\dreams academy\backend\venv\Lib\site-packages\rest_framework\mixins.py", line 43, in list
    return self.get_paginated_response(serializer.data)
                                       ^^^^^^^^^^^^^^^
  File "B:\career\tech\systems\dreams academy\backend\venv\Lib\site-packages\rest_framework\serializers.py", line 797, in data
    ret = super().data
          ^^^^^^^^^^^^
  File "B:\career\tech\systems\dreams academy\backend\venv\Lib\site-packages\rest_framework\serializers.py", line 251, in data
    self._data = self.to_representation(self.instance)
                 ~~~~~~~~~~~~~~~~~~~~~~^^^^^^^^^^^^^^^
  File "B:\career\tech\systems\dreams academy\backend\venv\Lib\site-packages\rest_framework\serializers.py", line 716, in to_representation
    self.child.to_representation(item) for item in iterable
    ~~~~~~~~~~~~~~~~~~~~~~~~~~~~^^^^^^
  File "B:\career\tech\systems\dreams academy\backend\venv\Lib\site-packages\rest_framework\serializers.py", line 525, in to_representation
    for field in fields:
                 ^^^^^^
  File "B:\career\tech\systems\dreams academy\backend\venv\Lib\site-packages\rest_framework\serializers.py", line 386, in _readable_fields
    for field in self.fields.values():
                 ^^^^^^^^^^^
  File "B:\career\tech\systems\dreams academy\backend\venv\Lib\site-packages\django\utils\functional.py", line 47, in __get__
    res = instance.__dict__[self.name] = self.func(instance)
                                         ~~~~~~~~~^^^^^^^^^^
  File "B:\career\tech\systems\dreams academy\backend\venv\Lib\site-packages\rest_framework\serializers.py", line 374, in fields
    for key, value in self.get_fields().items():
                      ~~~~~~~~~~~~~~~^^
  File "B:\career\tech\systems\dreams academy\backend\venv\Lib\site-packages\rest_framework\serializers.py", line 1105, in get_fields
    field_class, field_kwargs = self.build_field(
                                ~~~~~~~~~~~~~~~~^
        source, info, model, depth
        ^^^^^^^^^^^^^^^^^^^^^^^^^^
    )
    ^
  File "B:\career\tech\systems\dreams academy\backend\venv\Lib\site-packages\rest_framework\serializers.py", line 1251, in build_field
    return self.build_unknown_field(field_name, model_class)
           ~~~~~~~~~~~~~~~~~~~~~~~~^^^^^^^^^^^^^^^^^^^^^^^^^
  File "B:\career\tech\systems\dreams academy\backend\venv\Lib\site-packages\rest_framework\serializers.py", line 1369, in build_unknown_field
    raise ImproperlyConfigured(
    ...<2 lines>...
    )
django.core.exceptions.ImproperlyConfigured: Field name `is_popular` is not valid for model `Course` in `apps.students.serializers.CourseListSerializer`.
[ERROR] 2026-06-05 01:09:32,305 log Internal Server Error: /api/student/courses/
Traceback (most recent call last):
  File "B:\career\tech\systems\dreams academy\backend\venv\Lib\site-packages\django\core\handlers\exception.py", line 55, in inner
    response = get_response(request)
  File "B:\career\tech\systems\dreams academy\backend\venv\Lib\site-packages\django\core\handlers\base.py", line 198, in _get_response
    response = wrapped_callback(request, *callback_args, **callback_kwargs)
  File "B:\career\tech\systems\dreams academy\backend\venv\Lib\site-packages\django\views\decorators\csrf.py", line 65, in _view_wrapper
    return view_func(request, *args, **kwargs)
  File "B:\career\tech\systems\dreams academy\backend\venv\Lib\site-packages\django\views\generic\base.py", line 106, in view
    return self.dispatch(request, *args, **kwargs)
           ~~~~~~~~~~~~~^^^^^^^^^^^^^^^^^^^^^^^^^^
  File "B:\career\tech\systems\dreams academy\backend\venv\Lib\site-packages\rest_framework\views.py", line 515, in dispatch
    response = self.handle_exception(exc)
  File "B:\career\tech\systems\dreams academy\backend\venv\Lib\site-packages\rest_framework\views.py", line 475, in handle_exception
    self.raise_uncaught_exception(exc)
    ~~~~~~~~~~~~~~~~~~~~~~~~~~~~~^^^^^
  File "B:\career\tech\systems\dreams academy\backend\venv\Lib\site-packages\rest_framework\views.py", line 486, in raise_uncaught_exception
    raise exc
  File "B:\career\tech\systems\dreams academy\backend\venv\Lib\site-packages\rest_framework\views.py", line 512, in dispatch
    response = handler(request, *args, **kwargs)
  File "B:\career\tech\systems\dreams academy\backend\venv\Lib\site-packages\rest_framework\generics.py", line 203, in get
    return self.list(request, *args, **kwargs)
           ~~~~~~~~~^^^^^^^^^^^^^^^^^^^^^^^^^^
  File "B:\career\tech\systems\dreams academy\backend\apps\students\views\courses.py", line 62, in list
    'category': course.get_category_display(),
                ^^^^^^^^^^^^^^^^^^^^^^^^^^^
AttributeError: 'Course' object has no attribute 'get_category_display'
[ERROR] 2026-06-05 01:09:32,338 log "GET /api/student/home/courses/ HTTP/1.1" 500 25755
[ERROR] 2026-06-05 01:09:32,417 log "GET /api/student/courses/ HTTP/1.1" 500 23417
[ERROR] 2026-06-05 01:09:34,945 log Internal Server Error: /api/student/home/courses/
Traceback (most recent call last):
  File "B:\career\tech\systems\dreams academy\backend\venv\Lib\site-packages\django\core\handlers\exception.py", line 55, in inner
    response = get_response(request)
  File "B:\career\tech\systems\dreams academy\backend\venv\Lib\site-packages\django\core\handlers\base.py", line 198, in _get_response
    response = wrapped_callback(request, *callback_args, **callback_kwargs)
  File "B:\career\tech\systems\dreams academy\backend\venv\Lib\site-packages\django\views\decorators\csrf.py", line 65, in _view_wrapper
    return view_func(request, *args, **kwargs)
  File "B:\career\tech\systems\dreams academy\backend\venv\Lib\site-packages\django\views\generic\base.py", line 106, in view
    return self.dispatch(request, *args, **kwargs)
           ~~~~~~~~~~~~~^^^^^^^^^^^^^^^^^^^^^^^^^^
  File "B:\career\tech\systems\dreams academy\backend\venv\Lib\site-packages\rest_framework\views.py", line 515, in dispatch
    response = self.handle_exception(exc)
  File "B:\career\tech\systems\dreams academy\backend\venv\Lib\site-packages\rest_framework\views.py", line 475, in handle_exception
    self.raise_uncaught_exception(exc)
    ~~~~~~~~~~~~~~~~~~~~~~~~~~~~~^^^^^
  File "B:\career\tech\systems\dreams academy\backend\venv\Lib\site-packages\rest_framework\views.py", line 486, in raise_uncaught_exception
    raise exc
  File "B:\career\tech\systems\dreams academy\backend\venv\Lib\site-packages\rest_framework\views.py", line 512, in dispatch
    response = handler(request, *args, **kwargs)
  File "B:\career\tech\systems\dreams academy\backend\venv\Lib\site-packages\rest_framework\generics.py", line 203, in get
    return self.list(request, *args, **kwargs)
           ~~~~~~~~~^^^^^^^^^^^^^^^^^^^^^^^^^^
  File "B:\career\tech\systems\dreams academy\backend\venv\Lib\site-packages\rest_framework\mixins.py", line 43, in list
    return self.get_paginated_response(serializer.data)
                                       ^^^^^^^^^^^^^^^
  File "B:\career\tech\systems\dreams academy\backend\venv\Lib\site-packages\rest_framework\serializers.py", line 797, in data
    ret = super().data
          ^^^^^^^^^^^^
  File "B:\career\tech\systems\dreams academy\backend\venv\Lib\site-packages\rest_framework\serializers.py", line 251, in data
    self._data = self.to_representation(self.instance)
                 ~~~~~~~~~~~~~~~~~~~~~~^^^^^^^^^^^^^^^
  File "B:\career\tech\systems\dreams academy\backend\venv\Lib\site-packages\rest_framework\serializers.py", line 716, in to_representation
    self.child.to_representation(item) for item in iterable
    ~~~~~~~~~~~~~~~~~~~~~~~~~~~~^^^^^^
  File "B:\career\tech\systems\dreams academy\backend\venv\Lib\site-packages\rest_framework\serializers.py", line 525, in to_representation
    for field in fields:
                 ^^^^^^
  File "B:\career\tech\systems\dreams academy\backend\venv\Lib\site-packages\rest_framework\serializers.py", line 386, in _readable_fields
    for field in self.fields.values():
                 ^^^^^^^^^^^
  File "B:\career\tech\systems\dreams academy\backend\venv\Lib\site-packages\django\utils\functional.py", line 47, in __get__
    res = instance.__dict__[self.name] = self.func(instance)
                                         ~~~~~~~~~^^^^^^^^^^
  File "B:\career\tech\systems\dreams academy\backend\venv\Lib\site-packages\rest_framework\serializers.py", line 374, in fields
    for key, value in self.get_fields().items():
                      ~~~~~~~~~~~~~~~^^
  File "B:\career\tech\systems\dreams academy\backend\venv\Lib\site-packages\rest_framework\serializers.py", line 1105, in get_fields
    field_class, field_kwargs = self.build_field(
                                ~~~~~~~~~~~~~~~~^
        source, info, model, depth
        ^^^^^^^^^^^^^^^^^^^^^^^^^^
    )
    ^
  File "B:\career\tech\systems\dreams academy\backend\venv\Lib\site-packages\rest_framework\serializers.py", line 1251, in build_field
    return self.build_unknown_field(field_name, model_class)
           ~~~~~~~~~~~~~~~~~~~~~~~~^^^^^^^^^^^^^^^^^^^^^^^^^
  File "B:\career\tech\systems\dreams academy\backend\venv\Lib\site-packages\rest_framework\serializers.py", line 1369, in build_unknown_field
    raise ImproperlyConfigured(
    ...<2 lines>...
    )
django.core.exceptions.ImproperlyConfigured: Field name `is_popular` is not valid for model `Course` in `apps.students.serializers.CourseListSerializer`.
[ERROR] 2026-06-05 01:09:35,024 log "GET /api/student/home/courses/ HTTP/1.1" 500 25755
[ERROR] 2026-06-06 12:06:45,515 log Internal Server Error: /api/student/guest/courses/TC001/detail/
[ERROR] 2026-06-06 12:06:45,517 log "GET /api/student/guest/courses/TC001/detail/?session_id=0435db27-307c-495f-a7a9-5de0b0cf9c69 HTTP/1.1" 500 53
[ERROR] 2026-06-06 12:07:02,796 log Internal Server Error: /api/student/guest/courses/TC001/detail/
[ERROR] 2026-06-06 12:07:02,797 log "GET /api/student/guest/courses/TC001/detail/?session_id=0435db27-307c-495f-a7a9-5de0b0cf9c69 HTTP/1.1" 500 53
[ERROR] 2026-06-06 18:03:48,797 log Internal Server Error: /api/student/guest/courses/TC001/detail/
[ERROR] 2026-06-06 18:03:48,971 log "GET /api/student/guest/courses/TC001/detail/?session_id=15a514c1-432c-4f36-b943-f1e39c4b6870 HTTP/1.1" 500 53
[ERROR] 2026-06-06 18:03:55,531 log Internal Server Error: /api/student/guest/courses/TC001/detail/
[ERROR] 2026-06-06 18:03:55,534 log "GET /api/student/guest/courses/TC001/detail/?session_id=15a514c1-432c-4f36-b943-f1e39c4b6870 HTTP/1.1" 500 53
[ERROR] 2026-06-06 18:04:01,167 log Internal Server Error: /api/student/guest/courses/TC001/detail/
[ERROR] 2026-06-06 18:04:01,176 log "GET /api/student/guest/courses/TC001/detail/?session_id=15a514c1-432c-4f36-b943-f1e39c4b6870 HTTP/1.1" 500 53
[ERROR] 2026-06-06 18:04:16,844 log Internal Server Error: /api/student/guest/courses/TC001/detail/
[ERROR] 2026-06-06 18:04:16,847 log "GET /api/student/guest/courses/TC001/detail/?session_id=15a514c1-432c-4f36-b943-f1e39c4b6870 HTTP/1.1" 500 53
[ERROR] 2026-06-08 11:56:34,241 log Internal Server Error: /api/student/search/public/
[ERROR] 2026-06-08 11:56:34,244 log "GET /api/student/search/public/?q=tes HTTP/1.1" 500 14
[ERROR] 2026-06-08 11:56:38,255 log Internal Server Error: /api/student/search/public/
[ERROR] 2026-06-08 11:56:38,257 log "GET /api/student/search/public/?q=tes HTTP/1.1" 500 14
[ERROR] 2026-06-08 11:56:55,882 log Internal Server Error: /api/student/search/public/
[ERROR] 2026-06-08 11:56:55,883 log "GET /api/student/search/public/?q=course HTTP/1.1" 500 14
[ERROR] 2026-06-11 11:59:05,056 log Internal Server Error: /api/admin/enrollment-management/enrollments/
[ERROR] 2026-06-11 11:59:05,105 log "GET /api/admin/enrollment-management/enrollments/ HTTP/1.1" 500 39
[ERROR] 2026-06-11 11:59:25,503 log Internal Server Error: /api/admin/enrollment-management/enrollments/
[ERROR] 2026-06-11 11:59:25,516 log "GET /api/admin/enrollment-management/enrollments/ HTTP/1.1" 500 39
[ERROR] 2026-06-11 11:59:48,052 log Internal Server Error: /api/admin/enrollment-management/enrollments/
[ERROR] 2026-06-11 11:59:48,071 log "GET /api/admin/enrollment-management/enrollments/ HTTP/1.1" 500 39
[ERROR] 2026-06-12 23:36:43,852 log Internal Server Error: /api/auth/register/
[ERROR] 2026-06-12 23:36:43,864 log "POST /api/auth/register/ HTTP/1.1" 500 50
[ERROR] 2026-06-13 00:02:55,800 log Internal Server Error: /api/auth/register/
[ERROR] 2026-06-13 00:02:55,847 log "POST /api/auth/register/ HTTP/1.1" 500 50
[ERROR] 2026-06-13 00:03:48,080 log Internal Server Error: /api/auth/register/
[ERROR] 2026-06-13 00:03:48,084 log "POST /api/auth/register/ HTTP/1.1" 500 50
[ERROR] 2026-06-13 00:26:00,167 log Internal Server Error: /api/auth/login/
Traceback (most recent call last):
  File "B:\career\tech\systems\dreams academy\backend\venv\Lib\site-packages\django\core\handlers\exception.py", line 55, in inner
    response = get_response(request)
  File "B:\career\tech\systems\dreams academy\backend\venv\Lib\site-packages\django\core\handlers\base.py", line 198, in _get_response
    response = wrapped_callback(request, *callback_args, **callback_kwargs)
  File "B:\career\tech\systems\dreams academy\backend\venv\Lib\site-packages\django\views\decorators\csrf.py", line 65, in _view_wrapper
    return view_func(request, *args, **kwargs)
  File "B:\career\tech\systems\dreams academy\backend\venv\Lib\site-packages\django\views\generic\base.py", line 106, in view
    return self.dispatch(request, *args, **kwargs)
           ~~~~~~~~~~~~~^^^^^^^^^^^^^^^^^^^^^^^^^^
  File "B:\career\tech\systems\dreams academy\backend\venv\Lib\site-packages\rest_framework\views.py", line 515, in dispatch
    response = self.handle_exception(exc)
  File "B:\career\tech\systems\dreams academy\backend\venv\Lib\site-packages\rest_framework\views.py", line 475, in handle_exception
    self.raise_uncaught_exception(exc)
    ~~~~~~~~~~~~~~~~~~~~~~~~~~~~~^^^^^
  File "B:\career\tech\systems\dreams academy\backend\venv\Lib\site-packages\rest_framework\views.py", line 486, in raise_uncaught_exception
    raise exc
  File "B:\career\tech\systems\dreams academy\backend\venv\Lib\site-packages\rest_framework\views.py", line 512, in dispatch
    response = handler(request, *args, **kwargs)
  File "B:\career\tech\systems\dreams academy\backend\apps\users\views.py", line 146, in post
    profile = UserService.ensure_profile_user_type(user)
              ^^^^^^^^^^^^^^^^^^^^^^^^^^^^^^^^^^^^
AttributeError: type object 'UserService' has no attribute 'ensure_profile_user_type'
[ERROR] 2026-06-13 00:26:00,274 log "POST /api/auth/login/ HTTP/1.1" 500 23148
[ERROR] 2026-06-13 16:34:09,818 log Internal Server Error: /api/admin/enrollment-management/enrollments/
[ERROR] 2026-06-13 16:34:10,100 log "GET /api/admin/enrollment-management/enrollments/ HTTP/1.1" 500 39
[ERROR] 2026-06-13 16:34:48,681 log Internal Server Error: /api/admin/enrollment-management/enrollments/
[ERROR] 2026-06-13 16:34:48,706 log "GET /api/admin/enrollment-management/enrollments/ HTTP/1.1" 500 39
